<?xml version="1.0" encoding="UTF-8"?>
<TestRun id="50f84bfb-5a96-4870-84ea-8ae39ce0c7bf" name="Dermot@DERMOT-PC 2012-07-26 21:50:59" runUser="Dermot-PC\Dermot" xmlns="http://microsoft.com/schemas/VisualStudio/TeamTest/2010">
  <TestSettings name="Local" id="0f5dff7c-649d-4a55-a4b7-bda43cafb47a">
    <Description>These are default test settings for a local test run.</Description>
    <Deployment enabled="false" runDeploymentRoot="Dermot_DERMOT-PC 2012-07-26 21_50_59">
      <DeploymentItem filename="D:\NCI\BookEasy\bin\LumenWorks.Framework.IO.dll" />
      <DeploymentItem filename="D:\NCI\BookEasy\bin\MvcApplication8.dll" />
      <DeploymentItem filename="D:\NCI\BookEasy\bin\EntityFramework.dll" />
    </Deployment>
    <Execution>
      <TestTypeSpecific />
      <AgentRule name="Execution Agents">
      </AgentRule>
    </Execution>
  </TestSettings>
  <Times creation="2012-07-26T21:50:59.8585210+01:00" queuing="2012-07-26T21:51:00.0175210+01:00" start="2012-07-26T21:51:00.9665210+01:00" finish="2012-07-26T21:51:01.8525210+01:00" />
  <ResultSummary outcome="Failed">
    <Counters total="3" executed="3" passed="2" error="0" failed="1" timeout="0" aborted="0" inconclusive="0" passedButRunAborted="0" notRunnable="0" notExecuted="0" disconnected="0" warning="0" completed="0" inProgress="0" pending="0" />
  </ResultSummary>
  <TestDefinitions>
    <UnitTest name="parseOwnersTest" storage="d:\nci\bookeasy\project tests\bin\debug\project tests.dll" id="78164f1c-d15c-40dc-5423-4041bda3ec3d">
      <Execution id="ba9fa61d-9a0a-493f-8867-49c146203d13" />
      <TestMethod codeBase="D:/NCI/BookEasy/Project Tests/bin/Debug/Project Tests.DLL" adapterTypeName="Microsoft.VisualStudio.TestTools.TestTypes.Unit.UnitTestAdapter, Microsoft.VisualStudio.QualityTools.Tips.UnitTest.Adapter, Version=10.0.0.0, Culture=neutral, PublicKeyToken=b03f5f7f11d50a3a" className="Project_Tests.CSVParserTest, Project Tests, Version=1.0.0.0, Culture=neutral, PublicKeyToken=null" name="parseOwnersTest" />
    </UnitTest>
    <UnitTest name="GetHolidayhomesTest" storage="d:\nci\bookeasy\project tests\bin\debug\project tests.dll" id="b60750c9-a898-a9d0-0503-bff894f27117">
      <Execution id="186816b9-eb37-40ae-bdea-2a7f5780df1c" />
      <TestMethod codeBase="D:/NCI/BookEasy/Project Tests/bin/Debug/Project Tests.DLL" adapterTypeName="Microsoft.VisualStudio.TestTools.TestTypes.Unit.UnitTestAdapter, Microsoft.VisualStudio.QualityTools.Tips.UnitTest.Adapter, Version=10.0.0.0, Culture=neutral, PublicKeyToken=b03f5f7f11d50a3a" className="Project_Tests.IHolidayhomeRepositoryTest, Project Tests, Version=1.0.0.0, Culture=neutral, PublicKeyToken=null" name="GetHolidayhomesTest" />
    </UnitTest>
    <UnitTest name="parseHolidayhomesTest1" storage="d:\nci\bookeasy\project tests\bin\debug\project tests.dll" id="eca86a0c-b3cb-e1f0-535c-defcb924e01e">
      <Execution id="ebd393b9-2d7c-4822-b31c-45273d8e3aa5" />
      <TestMethod codeBase="D:/NCI/BookEasy/Project Tests/bin/Debug/Project Tests.DLL" adapterTypeName="Microsoft.VisualStudio.TestTools.TestTypes.Unit.UnitTestAdapter, Microsoft.VisualStudio.QualityTools.Tips.UnitTest.Adapter, Version=10.0.0.0, Culture=neutral, PublicKeyToken=b03f5f7f11d50a3a" className="Project_Tests.CSVParserTest, Project Tests, Version=1.0.0.0, Culture=neutral, PublicKeyToken=null" name="parseHolidayhomesTest1" />
    </UnitTest>
  </TestDefinitions>
  <TestLists>
    <TestList name="Results Not in a List" id="8c84fa94-04c1-424b-9868-57a2d4851a1d" />
    <TestList name="All Loaded Results" id="19431567-8539-422a-85d7-44ee4e166bda" />
  </TestLists>
  <TestEntries>
    <TestEntry testId="78164f1c-d15c-40dc-5423-4041bda3ec3d" executionId="ba9fa61d-9a0a-493f-8867-49c146203d13" testListId="8c84fa94-04c1-424b-9868-57a2d4851a1d" />
    <TestEntry testId="b60750c9-a898-a9d0-0503-bff894f27117" executionId="186816b9-eb37-40ae-bdea-2a7f5780df1c" testListId="8c84fa94-04c1-424b-9868-57a2d4851a1d" />
    <TestEntry testId="eca86a0c-b3cb-e1f0-535c-defcb924e01e" executionId="ebd393b9-2d7c-4822-b31c-45273d8e3aa5" testListId="8c84fa94-04c1-424b-9868-57a2d4851a1d" />
  </TestEntries>
  <Results>
    <UnitTestResult executionId="ba9fa61d-9a0a-493f-8867-49c146203d13" testId="78164f1c-d15c-40dc-5423-4041bda3ec3d" testName="parseOwnersTest" computerName="DERMOT-PC" duration="00:00:00.0461400" startTime="2012-07-26T21:51:00.4395210+01:00" endTime="2012-07-26T21:51:00.9595210+01:00" testType="13cdc9d9-ddb5-4fa4-a97d-d965ccfc6d4b" outcome="Passed" testListId="8c84fa94-04c1-424b-9868-57a2d4851a1d" relativeResultsDirectory="ba9fa61d-9a0a-493f-8867-49c146203d13">
    </UnitTestResult>
    <UnitTestResult executionId="186816b9-eb37-40ae-bdea-2a7f5780df1c" testId="b60750c9-a898-a9d0-0503-bff894f27117" testName="GetHolidayhomesTest" computerName="DERMOT-PC" duration="00:00:00.0509897" startTime="2012-07-26T21:51:01.1725210+01:00" endTime="2012-07-26T21:51:01.2575210+01:00" testType="13cdc9d9-ddb5-4fa4-a97d-d965ccfc6d4b" outcome="Failed" testListId="8c84fa94-04c1-424b-9868-57a2d4851a1d" relativeResultsDirectory="186816b9-eb37-40ae-bdea-2a7f5780df1c">
      <Output>
        <ErrorInfo>
          <Message>Test method Project_Tests.IHolidayhomeRepositoryTest.GetHolidayhomesTest threw exception: 
System.NullReferenceException: Object reference not set to an instance of an object.</Message>
          <StackTrace>    at Project_Tests.IHolidayhomeRepositoryTest.GetHolidayhomesTest() in D:\NCI\BookEasy\Project Tests\IHolidayhomeRepositoryTest.cs:line 90
</StackTrace>
        </ErrorInfo>
      </Output>
    </UnitTestResult>
    <UnitTestResult executionId="ebd393b9-2d7c-4822-b31c-45273d8e3aa5" testId="eca86a0c-b3cb-e1f0-535c-defcb924e01e" testName="parseHolidayhomesTest1" computerName="DERMOT-PC" duration="00:00:00.0248956" startTime="2012-07-26T21:51:01.2675210+01:00" endTime="2012-07-26T21:51:01.3025210+01:00" testType="13cdc9d9-ddb5-4fa4-a97d-d965ccfc6d4b" outcome="Passed" testListId="8c84fa94-04c1-424b-9868-57a2d4851a1d" relativeResultsDirectory="ebd393b9-2d7c-4822-b31c-45273d8e3aa5">
    </UnitTestResult>
  </Results>
</TestRun>